\(en (en-dash)
\(em (em-dash)

\(lq (left double quote)
\(rq (right double quote)

\(oq (left single quote)
\(cq (right single quote)

\&... (ellipsis)

\(tm (trademark)
\(rg (registered symbol)

\(hy (hyphen)
